// Jest Snapshot v1, https://goo.gl/fbAQLP

exports[`Store utils should work for getMutation 1`] = `
Object {
  "foo": "baz",
  "other": "value",
}
`;

exports[`Store utils should work for getMutationEntry 1`] = `
Object {
  "foo": "baz",
  "other": "value",
}
`;

exports[`Store utils should work for getMutationName 1`] = `
Array [
  "setFoo",
  "setBar",
  "setCamelCase",
  "set123",
  "setBAZ",
  "setQu_u_x",
]
`;

exports[`Store utils should work for getMutations 1`] = `
Object {
  "foo": "baz",
  "other": "value",
}
`;
